# Changed files:
tests/all-changes/changed.txt
# Copied files:
tests/all-changes/original.txt (from tests/all-changes/copied.txt)
# Moved files:
tests/all-changes/missing.txt (from tests/all-changes/moved.txt)
# Deleted files:
tests/all-changes/deleted.txt
# Added files:
2018-01-29 20:00:00,8,0dfec2daf50518cf1264bff8efcbd3da,tests/all-changes/new.txt
